// Vitest Snapshot v1, https://vitest.dev/guide/snapshot.html

exports[`renderReport on the fixture database > matches the reviewed snapshot of the whole screen 1`] = `
"Claude subscription usage
Times are in America/Chicago. Last ingest: 2026-09-12 19:00. Database: ~/.local/share/nilometer/usage.db

OBSERVED

Interruptions
  Covers: session logs 2026-08-20 10:00 to 2026-09-02 15:00 (America/Chicago); status line 2026-09-02 09:00 to 14:00 (America/Chicago)
  Rate-limit interruptions: 2
    5-hour window: 1 | weekly window: 1 | window unknown: 0
    From the session logs: 2 | seen only in the status line: 0
  Mid-task interruptions (the stopped request was answering a tool result): 1
    At the start of a turn: 1 | position unknown: 0
  Elapsed lockout time (limit hit to reset, overlapping hits counted once): 1 h 59 m across 1 lockout
    Hits with an unknown reset time, not included: 1
    2026-09-01 09:00 to 2026-09-01 11:00: 1 h 59 m, 1 hit; reset to next Claude Code request: 30 m 5 s
  Sessions with no further request after a limit hit: 1 of 2 sessions with a hit
    Reset came after the logs end: 0 | reset time unknown: 1
    A session that continued after its reset may have been resumed automatically; these counts are requests, not who made them.

Usage windows
  Covers: status line 2026-09-02 09:00 to 14:00 (America/Chicago). Readings start when the collector is installed.
  Window  Resets            Last observed usage  Reading at         Peak  Readings  Status
  ------  ----------------  -------------------  ----------------  -----  --------  ------
  weekly  2026-09-06 19:00                  15%  2026-09-02 14:00    15%         3  open
  5-hour  2026-09-02 17:00                  40%  2026-09-02 13:00    40%         1  open
  5-hour  2026-09-02 12:00                35.5%  2026-09-02 10:00  35.5%         2  reset
  Last observed usage is a lower bound: usage after the last Claude Code turn isn't seen.

Usage rise with no Claude Code request between readings
  Covers: status line 2026-09-02 09:00 to 14:00 (America/Chicago)
  Window  Resets            Rise with no request  Reading pairs  Pairs with no request  Pairs where usage fell
  ------  ----------------  --------------------  -------------  ---------------------  ----------------------
  weekly  2026-09-06 19:00   2 percentage points              2                      1                       0
  5-hour  2026-09-02 17:00               unknown              0                      0                       0
  5-hour  2026-09-02 12:00   0 percentage points              1                      0                       0
  A lower bound: usage elsewhere at the same time as Claude Code requests can't be separated. Claude Code on another machine counts here too.

Claude Code tokens by model
  Covers: session logs 2026-08-20 10:00 to 2026-09-02 15:00 (America/Chicago)
  Model                  Requests  Input  Output  Cache read  Cache write 5m  Cache write 1h  Cache write, no duration
  ---------------------  --------  -----  ------  ----------  --------------  --------------  ------------------------
  claude-opus-5                 1  1,200   3,400      56,000             700           8,900                         0
  claude-sonnet-5               1    100     200           0         unknown         unknown                       300
  claude-haiku-4-5              1     10      20           0         unknown         unknown                         0
  claude-experimental-x         1      5       5           0         unknown         unknown                         0

Claude Code tokens by repository
  Covers: session logs 2026-08-20 10:00 to 2026-09-02 15:00 (America/Chicago)
  Repository  Kind                        Requests  Input  Output  Cache read  Cache write 5m  Cache write 1h  Cache write, no duration
  ----------  --------------------------  --------  -----  ------  ----------  --------------  --------------  ------------------------
  /work/app   git repository                     2  1,300   3,600      56,000             700           8,900                       300
  /work/tool  directory no longer exists         2     15      25           0         unknown         unknown                         0

PROJECTED: estimates derived from the observations above, not observations

Burn rate
  Covers: status line 2026-09-02 09:00 to 14:00 (America/Chicago)
  Premise: each window's usage started at 0% when it began, and its average rate since then continues.
  weekly window resetting 2026-09-06 19:00: 15% at 2026-09-02 14:00; projected 0.2 percentage points per hour; limit projected for 2026-09-18 09:40, after the reset.
  5-hour window resetting 2026-09-02 17:00: 40% at 2026-09-02 13:00; projected 40 percentage points per hour; limit projected for 2026-09-02 14:30, before the reset.

Observed tokens at API list price, by month
  Months in America/Chicago. Covers Claude Code only: web, mobile, and Claude Design usage leaves no token records.
  Month    At API list price  Plan price entered               Priced requests  Unpriced requests  Covers
  -------  -----------------  -------------------------------  ---------------  -----------------  ------------------------------------
  2026-08    less than $0.01  none entered                                   1                  0  2026-08-20 10:00 to 2026-08-20 10:00
  2026-09              $0.22  Example plan, $100.00 per month                2                  1  2026-09-01 09:00 to 2026-09-02 10:00
  Rates were read from Anthropic's pricing page on 2026-09-13; 3 requests dated before that are priced at those rates.
  Requests with cache writes of unrecorded duration, priced at the 5-minute rate (their cost is a lower bound): 1
  Unpriced requests have no verified rate and are left out of the amounts, not counted as $0."
`;
